2026-05-01 13:40:14: SCSmartDevice initialized successfully with 4 devices.
2026-05-01 13:40:14: Worker thread started.
2026-05-01 13:40:14: SmartDeviceWorker started
2026-05-01 13:40:14: 


Starting SmartDeviceWorker sequence example
2026-05-01 13:40:14: Initial device state (from worker snapshot):
2026-05-01 13:40:14:   Sydney Dev A: online=True  |  Sydney Dev A O1=OFF, Sydney Dev A O2=OFF
2026-05-01 13:40:14:   Sydney Solar: online=True  |  Solar Pump Output=OFF, Solar Valve Output=OFF
2026-05-01 13:40:14:   Sydney Panel EM1: online=True  |  Sydney Panel EM1 O1=OFF
2026-05-01 13:40:14:   Sydney Dev B: online=True  |  Sydney Dev B O1=OFF
2026-05-01 13:40:14: Submitting sequence 'switch_worker_demo' (9 steps)...
2026-05-01 13:40:31: Sequence 'switch_worker_demo' completed successfully in 16.4s.
2026-05-01 13:40:31: Final device state (from fresh view):
2026-05-01 13:40:31:   Sydney Dev A: online=True  |  Sydney Dev A O1=OFF, Sydney Dev A O2=OFF
2026-05-01 13:40:31:   Sydney Solar: online=True  |  Solar Pump Output=OFF, Solar Valve Output=OFF
2026-05-01 13:40:31:   Sydney Panel EM1: online=True  |  Sydney Panel EM1 O1=OFF
2026-05-01 13:40:31:   Sydney Dev B: online=True  |  Sydney Dev B O1=OFF
2026-05-01 13:40:31: SmartDeviceWorker shutdown complete.
2026-05-01 13:40:31: Worker thread stopped.
2026-05-01 13:50:58: SCSmartDevice initialized successfully with 4 devices.
2026-05-01 13:50:58: SmartDeviceWorker started
2026-05-01 13:50:58: Worker thread started.
2026-05-01 13:50:59: SmartDeviceWorker shutdown complete.
2026-05-01 13:50:59: Worker thread stopped.
2026-05-01 13:51:22: SCSmartDevice initialized successfully with 4 devices.
2026-05-01 13:51:22: SmartDeviceWorker started
2026-05-01 13:51:22: Worker thread started.
2026-05-01 13:51:22: Device state:
2026-05-01 13:51:22:   Sydney Dev A: online=True  |  Sydney Dev A O1=OFF, Sydney Dev A O2=OFF
2026-05-01 13:51:22:   Sydney Solar: online=True  |  Solar Pump Output=OFF, Solar Valve Output=OFF
2026-05-01 13:51:22:   Sydney Panel EM1: online=True  |  Sydney Panel EM1 O1=OFF
2026-05-01 13:51:22:   Sydney Dev B: online=True  |  Sydney Dev B O1=OFF
2026-05-01 13:51:22: SmartDeviceWorker shutdown complete.
2026-05-01 13:51:22: Worker thread stopped.
2026-05-01 13:52:16: SCSmartDevice initialized successfully with 4 devices.
2026-05-01 13:52:16: Worker thread started.
2026-05-01 13:52:16: SmartDeviceWorker started
2026-05-01 13:52:16: Device state:
2026-05-01 13:52:16:   Sydney Dev A: online=True  |  Sydney Dev A O1=OFF, Sydney Dev A O2=OFF
2026-05-01 13:52:16:   Sydney Solar: online=True  |  Solar Pump Output=OFF, Solar Valve Output=OFF
2026-05-01 13:52:16:   Sydney Panel EM1: online=True  |  Sydney Panel EM1 O1=OFF
2026-05-01 13:52:16:   Sydney Dev B: online=True  |  Sydney Dev B O1=OFF
2026-05-01 13:52:17: SmartDeviceWorker shutdown complete.
2026-05-01 13:52:17: Worker thread stopped.
2026-05-01 13:54:04: SCSmartDevice initialized successfully with 4 devices.
2026-05-01 13:54:04: SmartDeviceWorker started
2026-05-01 13:54:04: Worker thread started.
2026-05-01 13:54:04: Device state:
2026-05-01 13:54:04:   Sydney Dev A: online=True  |  Sydney Dev A O1=OFF, Sydney Dev A O2=OFF
2026-05-01 13:54:04:   Sydney Solar: online=True  |  Solar Pump Output=OFF, Solar Valve Output=OFF
2026-05-01 13:54:04:   Sydney Panel EM1: online=True  |  Sydney Panel EM1 O1=OFF
2026-05-01 13:54:04:   Sydney Dev B: online=True  |  Sydney Dev B O1=OFF
2026-05-01 13:54:05: SmartDeviceWorker shutdown complete.
2026-05-01 13:54:05: Worker thread stopped.
2026-05-01 13:54:22: SCSmartDevice initialized successfully with 4 devices.
2026-05-01 13:54:22: SmartDeviceWorker started
2026-05-01 13:54:22: Worker thread started.
2026-05-01 13:54:22: Device state:
2026-05-01 13:54:22:   Sydney Dev A: online=True  |  Sydney Dev A O1=OFF, Sydney Dev A O2=OFF
2026-05-01 13:54:22:   Sydney Solar: online=True  |  Solar Pump Output=OFF, Solar Valve Output=OFF
2026-05-01 13:54:22:   Sydney Panel EM1: online=True  |  Sydney Panel EM1 O1=OFF
2026-05-01 13:54:22:   Sydney Dev B: online=True  |  Sydney Dev B O1=OFF
2026-05-01 14:48:55: SCSmartDevice initialized successfully with 4 devices.
2026-05-01 14:48:55: Worker thread started.
2026-05-01 14:48:55: SmartDeviceWorker started
2026-05-01 14:48:55: Device state:
2026-05-01 14:48:55:   Sydney Dev A: online=True  |  Sydney Dev A O1=OFF, Sydney Dev A O2=OFF
2026-05-01 14:48:55:   Sydney Solar: online=True  |  Solar Pump Output=OFF, Solar Valve Output=OFF
2026-05-01 14:48:55:   Sydney Panel EM1: online=True  |  Sydney Panel EM1 O1=OFF
2026-05-01 14:48:55:   Sydney Dev B: online=True  |  Sydney Dev B O1=OFF
2026-05-01 14:49:00: SmartDeviceWorker shutdown complete.
2026-05-01 14:49:00: Worker thread stopped.
2026-05-01 14:50:06: SCSmartDevice initialized successfully with 4 devices.
2026-05-01 14:50:06: SmartDeviceWorker started
2026-05-01 14:50:06: Worker thread started.
2026-05-01 14:50:06: Device state:
2026-05-01 14:50:06:   Sydney Dev A: online=True  |  Sydney Dev A O1=OFF, Sydney Dev A O2=OFF
2026-05-01 14:50:06:   Sydney Solar: online=True  |  Solar Pump Output=OFF, Solar Valve Output=OFF
2026-05-01 14:50:06:   Sydney Panel EM1: online=True  |  Sydney Panel EM1 O1=OFF
2026-05-01 14:50:06:   Sydney Dev B: online=True  |  Sydney Dev B O1=OFF
2026-05-01 14:50:12: SmartDeviceWorker shutdown complete.
2026-05-01 14:50:12: Worker thread stopped.
2026-05-01 14:50:24: SCSmartDevice initialized successfully with 4 devices.
2026-05-01 14:50:24: Worker thread started.
2026-05-01 14:50:24: SmartDeviceWorker started
2026-05-01 14:50:24: Device state:
2026-05-01 14:50:24:   Sydney Dev A: online=True  |  Sydney Dev A O1=OFF, Sydney Dev A O2=OFF
2026-05-01 14:50:24:   Sydney Solar: online=True  |  Solar Pump Output=OFF, Solar Valve Output=OFF
2026-05-01 14:50:24:   Sydney Panel EM1: online=True  |  Sydney Panel EM1 O1=OFF
2026-05-01 14:50:24:   Sydney Dev B: online=True  |  Sydney Dev B O1=OFF
2026-05-01 14:53:53: SmartDeviceWorker shutdown complete.
2026-05-01 14:53:53: Worker thread stopped.
2026-05-01 15:00:35: SCSmartDevice initialized successfully with 4 devices.
2026-05-01 15:00:35: SmartDeviceWorker started
2026-05-01 15:00:35: Worker thread started.
2026-05-01 15:00:35: Device state:
2026-05-01 15:00:35:   Sydney Dev A: online=True  |  Sydney Dev A O1=OFF, Sydney Dev A O2=OFF
2026-05-01 15:00:35:   Sydney Solar: online=True  |  Solar Pump Output=OFF, Solar Valve Output=OFF
2026-05-01 15:00:35:   Sydney Panel EM1: online=True  |  Sydney Panel EM1 O1=OFF
2026-05-01 15:00:35:   Sydney Dev B: online=True  |  Sydney Dev B O1=OFF
2026-05-01 15:00:39: SmartDeviceWorker shutdown complete.
2026-05-01 15:00:39: Worker thread stopped.
2026-05-01 15:01:32: SCSmartDevice initialized successfully with 4 devices.
2026-05-01 15:01:32: Worker thread started.
2026-05-01 15:01:32: SmartDeviceWorker started
2026-05-01 15:01:32: Device state:
2026-05-01 15:01:32:   Sydney Dev A: online=True  |  Sydney Dev A O1=OFF, Sydney Dev A O2=OFF
2026-05-01 15:01:32:   Sydney Solar: online=True  |  Solar Pump Output=OFF, Solar Valve Output=OFF
2026-05-01 15:01:32:   Sydney Panel EM1: online=True  |  Sydney Panel EM1 O1=OFF
2026-05-01 15:01:32:   Sydney Dev B: online=True  |  Sydney Dev B O1=OFF
2026-05-01 15:01:32: SmartDeviceWorker shutdown complete.
2026-05-01 15:01:32: Worker thread stopped.
2026-05-01 15:05:45: SCSmartDevice initialized successfully with 4 devices.
2026-05-01 15:05:45: Worker thread started.
2026-05-01 15:05:45: SmartDeviceWorker started
2026-05-01 15:05:45: Device state:
2026-05-01 15:05:45:   Sydney Dev A: online=True  |  Sydney Dev A O1=OFF, Sydney Dev A O2=OFF
2026-05-01 15:05:45:   Sydney Solar: online=True  |  Solar Pump Output=OFF, Solar Valve Output=OFF
2026-05-01 15:05:45:   Sydney Panel EM1: online=True  |  Sydney Panel EM1 O1=OFF
2026-05-01 15:05:45:   Sydney Dev B: online=True  |  Sydney Dev B O1=OFF
2026-05-01 15:05:45: SmartDeviceWorker shutdown complete.
2026-05-01 15:05:45: Worker thread stopped.
2026-05-01 15:23:46: SCSmartDevice initialized successfully with 4 devices.
2026-05-01 15:23:46: Worker thread started.
2026-05-01 15:23:46: SmartDeviceWorker started
2026-05-01 15:23:46: Device state:
2026-05-01 15:23:46:   Sydney Dev A: online=True  |  Sydney Dev A O1=OFF, Sydney Dev A O2=OFF
2026-05-01 15:23:46:   Sydney Solar: online=True  |  Solar Pump Output=OFF, Solar Valve Output=OFF
2026-05-01 15:23:46:   Sydney Panel EM1: online=True  |  Sydney Panel EM1 O1=OFF
2026-05-01 15:23:46:   Sydney Dev B: online=True  |  Sydney Dev B O1=OFF
2026-05-01 15:23:47: SmartDeviceWorker shutdown complete.
2026-05-01 15:23:47: Worker thread stopped.
2026-05-01 15:29:04: SCSmartDevice initialized successfully with 4 devices.
2026-05-01 15:29:04: SmartDeviceWorker started
2026-05-01 15:29:04: Worker thread started.
2026-05-01 15:29:04: Device state:
2026-05-01 15:29:04:   Sydney Dev A: online=True  |  Sydney Dev A O1=OFF, Sydney Dev A O2=OFF
2026-05-01 15:29:04:   Sydney Solar: online=True  |  Solar Pump Output=OFF, Solar Valve Output=OFF
2026-05-01 15:29:04:   Sydney Panel EM1: online=True  |  Sydney Panel EM1 O1=OFF
2026-05-01 15:29:04:   Sydney Dev B: online=True  |  Sydney Dev B O1=OFF
2026-05-01 15:29:04: SmartDeviceWorker shutdown complete.
2026-05-01 15:29:04: Worker thread stopped.
2026-05-01 15:42:53: SCSmartDevice initialized successfully with 4 devices.
2026-05-01 15:42:53: 


Testing basic functionality for device: Sydney Dev A
2026-05-01 15:42:53: Device Sydney Dev A is online.
2026-05-01 15:42:53: Sydney Dev A before output change:
 Sydney Dev A (ID: 1) — online
  Model: Shelly 2PM Gen3
  Simulation: False
  Hostname: 192.168.86.30:80
  ExpectOffline: True
  Generation: 3 / Protocol: RPC
  Inputs (2):
    [0] id=1 name='Sydney Dev A I1' state=False
    [1] id=2 name='Sydney Dev A I2' state=False
  Outputs (2):
    [0] id=1 name='Sydney Dev A O1' state=False temp=54.6, Group: Living Room, Colour: Red
    [1] id=2 name='Sydney Dev A O2' state=False temp=54.6, Group: Living Room
  Meters (2):
    [0] id=1 name='Sydney Dev A M1' power=0.0W voltage=247.1V energy=102417.0Wh
    [1] id=2 name='Sydney Dev A M2' power=0.0W voltage=247.1V energy=0.0Wh
  TempProbes (1):
    [0] id=1 name='Sydney Dev A' temp=54.6°C  last_read=2026-05-01 15:42:53.353061+10:00
  MAC: 30C9224E065C  Uptime: 80438s  Temp: 54.6°C
  TotalPower: 0W  TotalEnergy: 102417.0Wh
  Supported Webhooks: 10
    - input.toggle_on
    - input.toggle_off
    - input.button_push
    - input.button_longpush
    - input.button_doublepush
    - input.button_triplepush
    - input.analog_change
    - input.analog_measurement
    - switch.off
    - switch.on
  No installed webhooks found.
2026-05-01 15:42:53: Sydney Dev A print_device_status() returns:
 Sydney Dev A (ID: 1) — online
  Model: Shelly 2PM Gen3
  Simulation: False
  Hostname: 192.168.86.30:80
  ExpectOffline: True
  Generation: 3 / Protocol: RPC
  Inputs (2):
    [0] id=1 name='Sydney Dev A I1' state=False
    [1] id=2 name='Sydney Dev A I2' state=False
  Outputs (2):
    [0] id=1 name='Sydney Dev A O1' state=False temp=54.6, Group: Living Room, Colour: Red
    [1] id=2 name='Sydney Dev A O2' state=False temp=54.6, Group: Living Room
  Meters (2):
    [0] id=1 name='Sydney Dev A M1' power=0.0W voltage=247.1V energy=102417.0Wh
    [1] id=2 name='Sydney Dev A M2' power=0.0W voltage=247.1V energy=0.0Wh
  TempProbes (1):
    [0] id=1 name='Sydney Dev A' temp=54.6°C  last_read=2026-05-01 15:42:53.353061+10:00
  MAC: 30C9224E065C  Uptime: 80438s  Temp: 54.6°C
  TotalPower: 0W  TotalEnergy: 102417.0Wh
  Supported Webhooks: 10
    - input.toggle_on
    - input.toggle_off
    - input.button_push
    - input.button_longpush
    - input.button_doublepush
    - input.button_triplepush
    - input.analog_change
    - input.analog_measurement
    - switch.off
    - switch.on
  No installed webhooks found.
2026-05-01 15:44:07: SCSmartDevice initialized successfully with 4 devices.
2026-05-01 15:44:07: 


Testing info functionality for device: Sydney Dev A
2026-05-01 15:44:07: Device Sydney Dev A is online.
2026-05-01 15:44:07: Sydney Dev A before output change:
 Sydney Dev A (ID: 1) — online
  Model: Shelly 2PM Gen3
  Simulation: False
  Hostname: 192.168.86.30:80
  ExpectOffline: True
  Generation: 3 / Protocol: RPC
  Inputs (2):
    [0] id=1 name='Sydney Dev A I1' state=False
    [1] id=2 name='Sydney Dev A I2' state=False
  Outputs (2):
    [0] id=1 name='Sydney Dev A O1' state=False temp=54.6, Group: Living Room, Colour: Red
    [1] id=2 name='Sydney Dev A O2' state=False temp=54.6, Group: Living Room
  Meters (2):
    [0] id=1 name='Sydney Dev A M1' power=0.0W voltage=247.1V energy=102417.0Wh
    [1] id=2 name='Sydney Dev A M2' power=0.0W voltage=247.2V energy=0.0Wh
  TempProbes (1):
    [0] id=1 name='Sydney Dev A' temp=54.6°C  last_read=2026-05-01 15:44:07.095618+10:00
  MAC: 30C9224E065C  Uptime: 80511s  Temp: 54.6°C
  TotalPower: 0W  TotalEnergy: 102417.0Wh
  Supported Webhooks: 10
    - input.toggle_on
    - input.toggle_off
    - input.button_push
    - input.button_longpush
    - input.button_doublepush
    - input.button_triplepush
    - input.analog_change
    - input.analog_measurement
    - switch.off
    - switch.on
  No installed webhooks found.
2026-05-01 15:44:07: Sydney Dev A print_device_status() returns:
 Sydney Dev A (ID: 1) — online
  Model: Shelly 2PM Gen3
  Simulation: False
  Hostname: 192.168.86.30:80
  ExpectOffline: True
  Generation: 3 / Protocol: RPC
  Inputs (2):
    [0] id=1 name='Sydney Dev A I1' state=False
    [1] id=2 name='Sydney Dev A I2' state=False
  Outputs (2):
    [0] id=1 name='Sydney Dev A O1' state=False temp=54.6, Group: Living Room, Colour: Red
    [1] id=2 name='Sydney Dev A O2' state=False temp=54.6, Group: Living Room
  Meters (2):
    [0] id=1 name='Sydney Dev A M1' power=0.0W voltage=247.1V energy=102417.0Wh
    [1] id=2 name='Sydney Dev A M2' power=0.0W voltage=247.2V energy=0.0Wh
  TempProbes (1):
    [0] id=1 name='Sydney Dev A' temp=54.6°C  last_read=2026-05-01 15:44:07.095618+10:00
  MAC: 30C9224E065C  Uptime: 80511s  Temp: 54.6°C
  TotalPower: 0W  TotalEnergy: 102417.0Wh
  Supported Webhooks: 10
    - input.toggle_on
    - input.toggle_off
    - input.button_push
    - input.button_longpush
    - input.button_doublepush
    - input.button_triplepush
    - input.analog_change
    - input.analog_measurement
    - switch.off
    - switch.on
  No installed webhooks found.
2026-05-01 15:44:07: print_model_library() returns:
 Shelly Model Library:
  ShellyEM — Shelly EM
  Shelly2 — Shelly 2
  Shelly2.5 — Shelly 2.5
  Shelly3EM — Shelly 3 EM
  ShellyPlus1PM — Shelly Plus 1 PM
  ShellyPro1 — Shelly Pro 1
  ShellyPro1PM — Shelly Pro 1PM
  ShellyPlus2PM — Shelly Plus 2PM
  ShellyPro2 — Shelly Pro 2
  ShellyPro2PM — Shelly Pro 2PM
  Shelly1G3 — Shelly 1 Gen3
  Shelly1PMG3 — Shelly 1PM Gen3
  ShellyP1 — Shelly Pro 1
  ShellyP1PM — Shelly Pro 1PM
  ShellyP2 — Shelly Pro 2
  ShellyP2PM — Shelly Pro 2PM
  ShellyP3 — Shelly Pro 3
  ShellyP4PM — Shelly Pro 4PM
  Shelly1MiniG3 — Shelly 1 Mini Gen3
  Shelly1PMMiniG3 — Shelly 1PM Mini Gen3
  Shelly1LG3 — Shelly 1L Gen3
  Shelly2LG3 — Shelly 2L Gen3
  Shelly2PMG3 — Shelly 2PM Gen3
  ShellyEMG3 — Shelly EM Gen3
  ShellyEMMiniG4 — Shelly EM Mini Gen4
  Shelly1G4 — Shelly 1 Gen4
  Shelly1PMG4 — Shelly 1PM Gen4
  Shelly1MiniG4 — Shelly 1 Mini Gen4
  Shelly1PMMiniG4 — Shelly 1PM Mini Gen4
  Shelly2PMG4 — Shelly 2PM Gen4
2026-05-01 15:44:24: SCSmartDevice initialized successfully with 4 devices.
2026-05-01 15:44:24: 


Testing info functionality for device: Sydney Dev A
2026-05-01 15:44:24: Device Sydney Dev A is online.
2026-05-01 15:44:24: Sydney Dev A before output change:
 Sydney Dev A (ID: 1) — online
  Model: Shelly 2PM Gen3
  Simulation: False
  Hostname: 192.168.86.30:80
  ExpectOffline: True
  Generation: 3 / Protocol: RPC
  Inputs (2):
    [0] id=1 name='Sydney Dev A I1' state=False
    [1] id=2 name='Sydney Dev A I2' state=False
  Outputs (2):
    [0] id=1 name='Sydney Dev A O1' state=False temp=54.6, Group: Living Room, Colour: Red
    [1] id=2 name='Sydney Dev A O2' state=False temp=54.6, Group: Living Room
  Meters (2):
    [0] id=1 name='Sydney Dev A M1' power=0.0W voltage=244.6V energy=102417.0Wh
    [1] id=2 name='Sydney Dev A M2' power=0.0W voltage=244.7V energy=0.0Wh
  TempProbes (1):
    [0] id=1 name='Sydney Dev A' temp=54.6°C  last_read=2026-05-01 15:44:24.287214+10:00
  MAC: 30C9224E065C  Uptime: 80529s  Temp: 54.6°C
  TotalPower: 0W  TotalEnergy: 102417.0Wh
  Supported Webhooks: 10
    - input.toggle_on
    - input.toggle_off
    - input.button_push
    - input.button_longpush
    - input.button_doublepush
    - input.button_triplepush
    - input.analog_change
    - input.analog_measurement
    - switch.off
    - switch.on
  No installed webhooks found.
2026-05-01 15:44:24: Sydney Dev A print_device_status() returns:
 Sydney Dev A (ID: 1) — online
  Model: Shelly 2PM Gen3
  Simulation: False
  Hostname: 192.168.86.30:80
  ExpectOffline: True
  Generation: 3 / Protocol: RPC
  Inputs (2):
    [0] id=1 name='Sydney Dev A I1' state=False
    [1] id=2 name='Sydney Dev A I2' state=False
  Outputs (2):
    [0] id=1 name='Sydney Dev A O1' state=False temp=54.6, Group: Living Room, Colour: Red
    [1] id=2 name='Sydney Dev A O2' state=False temp=54.6, Group: Living Room
  Meters (2):
    [0] id=1 name='Sydney Dev A M1' power=0.0W voltage=244.6V energy=102417.0Wh
    [1] id=2 name='Sydney Dev A M2' power=0.0W voltage=244.7V energy=0.0Wh
  TempProbes (1):
    [0] id=1 name='Sydney Dev A' temp=54.6°C  last_read=2026-05-01 15:44:24.287214+10:00
  MAC: 30C9224E065C  Uptime: 80529s  Temp: 54.6°C
  TotalPower: 0W  TotalEnergy: 102417.0Wh
  Supported Webhooks: 10
    - input.toggle_on
    - input.toggle_off
    - input.button_push
    - input.button_longpush
    - input.button_doublepush
    - input.button_triplepush
    - input.analog_change
    - input.analog_measurement
    - switch.off
    - switch.on
  No installed webhooks found.
2026-05-01 15:45:22: SCSmartDevice initialized successfully with 4 devices.
2026-05-01 15:45:22: 


Testing info functionality for device: Sydney Dev A
2026-05-01 15:45:22: Device Sydney Dev A is online.
2026-05-01 15:45:22: Sydney Dev A before output change:
 Sydney Dev A (ID: 1) — online
  Model: Shelly 2PM Gen3
  Simulation: False
  Hostname: 192.168.86.30:80
  ExpectOffline: True
  Generation: 3 / Protocol: RPC
  Inputs (2):
    [0] id=1 name='Sydney Dev A I1' state=False
    [1] id=2 name='Sydney Dev A I2' state=False
  Outputs (2):
    [0] id=1 name='Sydney Dev A O1' state=False temp=54.6, Group: Living Room, Colour: Red
    [1] id=2 name='Sydney Dev A O2' state=False temp=54.6, Group: Living Room
  Meters (2):
    [0] id=1 name='Sydney Dev A M1' power=0.0W voltage=246.6V energy=102417.0Wh
    [1] id=2 name='Sydney Dev A M2' power=0.0W voltage=246.7V energy=0.0Wh
  TempProbes (1):
    [0] id=1 name='Sydney Dev A' temp=54.6°C  last_read=2026-05-01 15:45:22.805433+10:00
  MAC: 30C9224E065C  Uptime: 80587s  Temp: 54.6°C
  TotalPower: 0W  TotalEnergy: 102417.0Wh
  Supported Webhooks: 10
    - input.toggle_on
    - input.toggle_off
    - input.button_push
    - input.button_longpush
    - input.button_doublepush
    - input.button_triplepush
    - input.analog_change
    - input.analog_measurement
    - switch.off
    - switch.on
  No installed webhooks found.
2026-05-01 15:45:22: print_model_library() returns:
 Shelly Model Library:
  ShellyEM — Shelly EM
  Shelly2 — Shelly 2
  Shelly2.5 — Shelly 2.5
  Shelly3EM — Shelly 3 EM
  ShellyPlus1PM — Shelly Plus 1 PM
  ShellyPro1 — Shelly Pro 1
  ShellyPro1PM — Shelly Pro 1PM
  ShellyPlus2PM — Shelly Plus 2PM
  ShellyPro2 — Shelly Pro 2
  ShellyPro2PM — Shelly Pro 2PM
  Shelly1G3 — Shelly 1 Gen3
  Shelly1PMG3 — Shelly 1PM Gen3
  ShellyP1 — Shelly Pro 1
  ShellyP1PM — Shelly Pro 1PM
  ShellyP2 — Shelly Pro 2
  ShellyP2PM — Shelly Pro 2PM
  ShellyP3 — Shelly Pro 3
  ShellyP4PM — Shelly Pro 4PM
  Shelly1MiniG3 — Shelly 1 Mini Gen3
  Shelly1PMMiniG3 — Shelly 1PM Mini Gen3
  Shelly1LG3 — Shelly 1L Gen3
  Shelly2LG3 — Shelly 2L Gen3
  Shelly2PMG3 — Shelly 2PM Gen3
  ShellyEMG3 — Shelly EM Gen3
  ShellyEMMiniG4 — Shelly EM Mini Gen4
  Shelly1G4 — Shelly 1 Gen4
  Shelly1PMG4 — Shelly 1PM Gen4
  Shelly1MiniG4 — Shelly 1 Mini Gen4
  Shelly1PMMiniG4 — Shelly 1PM Mini Gen4
  Shelly2PMG4 — Shelly 2PM Gen4
Tasmota
2026-05-01 15:48:17: SCSmartDevice initialized successfully with 4 devices.
2026-05-01 15:48:17: 


Testing info functionality for device: Sydney Dev A
2026-05-01 15:48:17: Device Sydney Dev A is online.
2026-05-01 15:48:17: Sydney Dev A before output change:
 Sydney Dev A (ID: 1) — online
  Model: Shelly 2PM Gen3
  Simulation: False
  Hostname: 192.168.86.30:80
  ExpectOffline: True
  Generation: 3 / Protocol: RPC
  Inputs (2):
    [0] id=1 name='Sydney Dev A I1' state=False
    [1] id=2 name='Sydney Dev A I2' state=False
  Outputs (2):
    [0] id=1 name='Sydney Dev A O1' state=False temp=54.6, Group: Living Room, Colour: Red
    [1] id=2 name='Sydney Dev A O2' state=False temp=54.6, Group: Living Room
  Meters (2):
    [0] id=1 name='Sydney Dev A M1' power=0.0W voltage=246.6V energy=102417.0Wh
    [1] id=2 name='Sydney Dev A M2' power=0.0W voltage=246.7V energy=0.0Wh
  TempProbes (1):
    [0] id=1 name='Sydney Dev A' temp=54.6°C  last_read=2026-05-01 15:48:17.101221+10:00
  MAC: 30C9224E065C  Uptime: 80761s  Temp: 54.6°C
  TotalPower: 0W  TotalEnergy: 102417.0Wh
  Supported Webhooks: 10
    - input.toggle_on
    - input.toggle_off
    - input.button_push
    - input.button_longpush
    - input.button_doublepush
    - input.button_triplepush
    - input.analog_change
    - input.analog_measurement
    - switch.off
    - switch.on
  No installed webhooks found.
2026-05-01 15:48:17: print_model_library() returns:
 Shelly Model Library:
  ShellyEM — Shelly EM
  Shelly2 — Shelly 2
  Shelly2.5 — Shelly 2.5
  Shelly3EM — Shelly 3 EM
  ShellyPlus1PM — Shelly Plus 1 PM
  ShellyPro1 — Shelly Pro 1
  ShellyPro1PM — Shelly Pro 1PM
  ShellyPlus2PM — Shelly Plus 2PM
  ShellyPro2 — Shelly Pro 2
  ShellyPro2PM — Shelly Pro 2PM
  Shelly1G3 — Shelly 1 Gen3
  Shelly1PMG3 — Shelly 1PM Gen3
  ShellyP1 — Shelly Pro 1
  ShellyP1PM — Shelly Pro 1PM
  ShellyP2 — Shelly Pro 2
  ShellyP2PM — Shelly Pro 2PM
  ShellyP3 — Shelly Pro 3
  ShellyP4PM — Shelly Pro 4PM
  Shelly1MiniG3 — Shelly 1 Mini Gen3
  Shelly1PMMiniG3 — Shelly 1PM Mini Gen3
  Shelly1LG3 — Shelly 1L Gen3
  Shelly2LG3 — Shelly 2L Gen3
  Shelly2PMG3 — Shelly 2PM Gen3
  ShellyEMG3 — Shelly EM Gen3
  ShellyEMMiniG4 — Shelly EM Mini Gen4
  Shelly1G4 — Shelly 1 Gen4
  Shelly1PMG4 — Shelly 1PM Gen4
  Shelly1MiniG4 — Shelly 1 Mini Gen4
  Shelly1PMMiniG4 — Shelly 1PM Mini Gen4
  Shelly2PMG4 — Shelly 2PM Gen4
Tasmota Model Library:
  Tasmota
2026-05-01 15:48:51: SCSmartDevice initialized successfully with 4 devices.
2026-05-01 15:48:51: 


Testing info functionality for device: Sydney Dev A
2026-05-01 15:48:51: Device Sydney Dev A is online.
2026-05-01 15:48:51: Sydney Dev A before output change:
 Sydney Dev A (ID: 1) — online
  Model: Shelly 2PM Gen3
  Simulation: False
  Hostname: 192.168.86.30:80
  ExpectOffline: True
  Generation: 3 / Protocol: RPC
  Inputs (2):
    [0] id=1 name='Sydney Dev A I1' state=False
    [1] id=2 name='Sydney Dev A I2' state=False
  Outputs (2):
    [0] id=1 name='Sydney Dev A O1' state=False temp=54.7, Group: Living Room, Colour: Red
    [1] id=2 name='Sydney Dev A O2' state=False temp=54.7, Group: Living Room
  Meters (2):
    [0] id=1 name='Sydney Dev A M1' power=0.0W voltage=244.4V energy=102417.0Wh
    [1] id=2 name='Sydney Dev A M2' power=0.0W voltage=244.5V energy=0.0Wh
  TempProbes (1):
    [0] id=1 name='Sydney Dev A' temp=54.7°C  last_read=2026-05-01 15:48:51.431759+10:00
  MAC: 30C9224E065C  Uptime: 80796s  Temp: 54.7°C
  TotalPower: 0W  TotalEnergy: 102417.0Wh
  Supported Webhooks: 10
    - input.toggle_on
    - input.toggle_off
    - input.button_push
    - input.button_longpush
    - input.button_doublepush
    - input.button_triplepush
    - input.analog_change
    - input.analog_measurement
    - switch.off
    - switch.on
  No installed webhooks found.
2026-05-01 15:48:51: print_model_library() returns:
 Shelly Model Library:
  ShellyEM — Shelly EM gen1 in=0 out=1 meters=2
  Shelly2 — Shelly 2 gen1 in=2 out=2 meters=1
  Shelly2.5 — Shelly 2.5 gen1 in=2 out=2 meters=2
  Shelly3EM — Shelly 3 EM gen1 in=0 out=0 meters=3
  ShellyPlus1PM — Shelly Plus 1 PM gen2 in=1 out=1 meters=1
  ShellyPro1 — Shelly Pro 1 gen2 in=2 out=1 meters=0
  ShellyPro1PM — Shelly Pro 1PM gen2 in=2 out=1 meters=2
  ShellyPlus2PM — Shelly Plus 2PM gen2 in=2 out=2 meters=2
  ShellyPro2 — Shelly Pro 2 gen2 in=2 out=2 meters=0
  ShellyPro2PM — Shelly Pro 2PM gen2 in=2 out=2 meters=2
  Shelly1G3 — Shelly 1 Gen3 gen3 in=1 out=1 meters=0
  Shelly1PMG3 — Shelly 1PM Gen3 gen3 in=1 out=1 meters=1
  ShellyP1 — Shelly Pro 1 gen2 in=2 out=1 meters=0
  ShellyP1PM — Shelly Pro 1PM gen2 in=2 out=1 meters=1
  ShellyP2 — Shelly Pro 2 gen2 in=2 out=2 meters=0
  ShellyP2PM — Shelly Pro 2PM gen2 in=2 out=2 meters=2
  ShellyP3 — Shelly Pro 3 gen2 in=3 out=3 meters=0
  ShellyP4PM — Shelly Pro 4PM gen2 in=4 out=4 meters=4
  Shelly1MiniG3 — Shelly 1 Mini Gen3 gen3 in=1 out=1 meters=0
  Shelly1PMMiniG3 — Shelly 1PM Mini Gen3 gen3 in=1 out=1 meters=1
  Shelly1LG3 — Shelly 1L Gen3 gen3 in=2 out=1 meters=0
  Shelly2LG3 — Shelly 2L Gen3 gen3 in=2 out=2 meters=0
  Shelly2PMG3 — Shelly 2PM Gen3 gen3 in=2 out=2 meters=2
  ShellyEMG3 — Shelly EM Gen3 gen3 in=0 out=1 meters=2
  ShellyEMMiniG4 — Shelly EM Mini Gen4 gen4 in=0 out=0 meters=1
  Shelly1G4 — Shelly 1 Gen4 gen4 in=1 out=1 meters=0
  Shelly1PMG4 — Shelly 1PM Gen4 gen4 in=1 out=1 meters=1
  Shelly1MiniG4 — Shelly 1 Mini Gen4 gen4 in=1 out=1 meters=0
  Shelly1PMMiniG4 — Shelly 1PM Mini Gen4 gen4 in=1 out=1 meters=1
  Shelly2PMG4 — Shelly 2PM Gen4 gen4 in=2 out=2 meters=2
Tasmota Model Library:
  Tasmota
2026-05-01 15:52:31: SCSmartDevice initialized successfully with 4 devices.
2026-05-01 15:52:31: 


Testing info functionality for device: Sydney Dev A
2026-05-01 15:52:31: Device Sydney Dev A is online.
2026-05-01 15:52:31: Sydney Dev A before output change:
 Sydney Dev A (ID: 1) — online
  Model: Shelly 2PM Gen3
  Simulation: False
  Hostname: 192.168.86.30:80
  ExpectOffline: True
  Generation: 3 / Protocol: RPC
  Inputs (2):
    [0] id=1 name='Sydney Dev A I1' state=False
    [1] id=2 name='Sydney Dev A I2' state=False
  Outputs (2):
    [0] id=1 name='Sydney Dev A O1' state=False temp=54.7, Group: Living Room, Colour: Red
    [1] id=2 name='Sydney Dev A O2' state=False temp=54.7, Group: Living Room
  Meters (2):
    [0] id=1 name='Sydney Dev A M1' power=0.0W voltage=244.5V energy=102417.0Wh
    [1] id=2 name='Sydney Dev A M2' power=0.0W voltage=244.6V energy=0.0Wh
  TempProbes (1):
    [0] id=1 name='Sydney Dev A' temp=54.7°C  last_read=2026-05-01 15:52:31.589052+10:00
  MAC: 30C9224E065C  Uptime: 81016s  Temp: 54.7°C
  TotalPower: 0W  TotalEnergy: 102417.0Wh
  Supported Webhooks: 10
    - input.toggle_on
    - input.toggle_off
    - input.button_push
    - input.button_longpush
    - input.button_doublepush
    - input.button_triplepush
    - input.analog_change
    - input.analog_measurement
    - switch.off
    - switch.on
  No installed webhooks found.
2026-05-01 15:56:28: SCSmartDevice initialized successfully with 4 devices.
2026-05-01 15:56:28: 


Testing info functionality for device: Sydney Dev A
2026-05-01 15:56:28: Device Sydney Dev A is online.
2026-05-01 15:56:28: Sydney Dev A before output change:
 Sydney Dev A (ID: 1) — online
  Model: Shelly 2PM Gen3
  Simulation: False
  Hostname: 192.168.86.30:80
  ExpectOffline: True
  Generation: 3 / Protocol: RPC
  Inputs (2):
    [0] id=1 name='Sydney Dev A I1' state=False
    [1] id=2 name='Sydney Dev A I2' state=False
  Outputs (2):
    [0] id=1 name='Sydney Dev A O1' state=False temp=54.6, Group: Living Room, Colour: Red
    [1] id=2 name='Sydney Dev A O2' state=False temp=54.6, Group: Living Room
  Meters (2):
    [0] id=1 name='Sydney Dev A M1' power=0.0W voltage=246.0V energy=102417.0Wh
    [1] id=2 name='Sydney Dev A M2' power=0.0W voltage=246.1V energy=0.0Wh
  TempProbes (1):
    [0] id=1 name='Sydney Dev A' temp=54.6°C  last_read=2026-05-01 15:56:28.529815+10:00
  MAC: 30C9224E065C  Uptime: 81253s  Temp: 54.6°C
  TotalPower: 0W  TotalEnergy: 102417.0Wh
  Supported Webhooks: 10
    - input.toggle_on
    - input.toggle_off
    - input.button_push
    - input.button_longpush
    - input.button_doublepush
    - input.button_triplepush
    - input.analog_change
    - input.analog_measurement
    - switch.off
    - switch.on
  No installed webhooks found.
2026-05-01 15:56:28: print_model_library() returns:
 Shelly Model Library:
  ShellyEM — Shelly EM gen1 in=0 out=1 meters=2
  Shelly2 — Shelly 2 gen1 in=2 out=2 meters=1
  Shelly2.5 — Shelly 2.5 gen1 in=2 out=2 meters=2
  Shelly3EM — Shelly 3 EM gen1 in=0 out=0 meters=3
  ShellyPlus1PM — Shelly Plus 1 PM gen2 in=1 out=1 meters=1
  ShellyPro1 — Shelly Pro 1 gen2 in=2 out=1 meters=0
  ShellyPro1PM — Shelly Pro 1PM gen2 in=2 out=1 meters=2
  ShellyPlus2PM — Shelly Plus 2PM gen2 in=2 out=2 meters=2
  ShellyPro2 — Shelly Pro 2 gen2 in=2 out=2 meters=0
  ShellyPro2PM — Shelly Pro 2PM gen2 in=2 out=2 meters=2
  Shelly1G3 — Shelly 1 Gen3 gen3 in=1 out=1 meters=0
  Shelly1PMG3 — Shelly 1PM Gen3 gen3 in=1 out=1 meters=1
  ShellyP1 — Shelly Pro 1 gen2 in=2 out=1 meters=0
  ShellyP1PM — Shelly Pro 1PM gen2 in=2 out=1 meters=1
  ShellyP2 — Shelly Pro 2 gen2 in=2 out=2 meters=0
  ShellyP2PM — Shelly Pro 2PM gen2 in=2 out=2 meters=2
  ShellyP3 — Shelly Pro 3 gen2 in=3 out=3 meters=0
  ShellyP4PM — Shelly Pro 4PM gen2 in=4 out=4 meters=4
  Shelly1MiniG3 — Shelly 1 Mini Gen3 gen3 in=1 out=1 meters=0
  Shelly1PMMiniG3 — Shelly 1PM Mini Gen3 gen3 in=1 out=1 meters=1
  Shelly1LG3 — Shelly 1L Gen3 gen3 in=2 out=1 meters=0
  Shelly2LG3 — Shelly 2L Gen3 gen3 in=2 out=2 meters=0
  Shelly2PMG3 — Shelly 2PM Gen3 gen3 in=2 out=2 meters=2
  ShellyEMG3 — Shelly EM Gen3 gen3 in=0 out=1 meters=2
  ShellyEMMiniG4 — Shelly EM Mini Gen4 gen4 in=0 out=0 meters=1
  Shelly1G4 — Shelly 1 Gen4 gen4 in=1 out=1 meters=0
  Shelly1PMG4 — Shelly 1PM Gen4 gen4 in=1 out=1 meters=1
  Shelly1MiniG4 — Shelly 1 Mini Gen4 gen4 in=1 out=1 meters=0
  Shelly1PMMiniG4 — Shelly 1PM Mini Gen4 gen4 in=1 out=1 meters=1
  Shelly2PMG4 — Shelly 2PM Gen4 gen4 in=2 out=2 meters=2
Tasmota Model Library:
  Tasmota
2026-05-01 15:57:14: SCSmartDevice initialized successfully with 4 devices.
2026-05-01 15:57:14: 


Testing info functionality for device: Sydney Dev A
2026-05-01 15:57:14: Device Sydney Dev A is online.
2026-05-01 15:57:14: Sydney Dev A before output change:
 Sydney Dev A (ID: 1) — online
  Model: Shelly 2PM Gen3
  Simulation: False
  Hostname: 192.168.86.30:80
  ExpectOffline: True
  Generation: 3 / Protocol: RPC
  Inputs (2):
    [0] id=1 name='Sydney Dev A I1' state=False
    [1] id=2 name='Sydney Dev A I2' state=False
  Outputs (2):
    [0] id=1 name='Sydney Dev A O1' state=False temp=54.9, Group: Living Room, Colour: Red
    [1] id=2 name='Sydney Dev A O2' state=False temp=54.9, Group: Living Room
  Meters (2):
    [0] id=1 name='Sydney Dev A M1' power=0.0W voltage=246.1V energy=102417.0Wh
    [1] id=2 name='Sydney Dev A M2' power=0.0W voltage=246.2V energy=0.0Wh
  TempProbes (1):
    [0] id=1 name='Sydney Dev A' temp=54.9°C  last_read=2026-05-01 15:57:14.213297+10:00
  MAC: 30C9224E065C  Uptime: 81299s  Temp: 54.9°C
  TotalPower: 0W  TotalEnergy: 102417.0Wh
  Supported Webhooks: 10
    - input.toggle_on
    - input.toggle_off
    - input.button_push
    - input.button_longpush
    - input.button_doublepush
    - input.button_triplepush
    - input.analog_change
    - input.analog_measurement
    - switch.off
    - switch.on
  No installed webhooks found.
2026-05-01 15:57:14: print_model_library() returns:
 Shelly Model Library:
  ShellyEM — Shelly EM gen1 in=0 out=1 meters=2
  Shelly2 — Shelly 2 gen1 in=2 out=2 meters=1
  Shelly2.5 — Shelly 2.5 gen1 in=2 out=2 meters=2
  Shelly3EM — Shelly 3 EM gen1 in=0 out=0 meters=3
  ShellyPlus1PM — Shelly Plus 1 PM gen2 in=1 out=1 meters=1
  ShellyPro1 — Shelly Pro 1 gen2 in=2 out=1 meters=0
  ShellyPro1PM — Shelly Pro 1PM gen2 in=2 out=1 meters=2
  ShellyPlus2PM — Shelly Plus 2PM gen2 in=2 out=2 meters=2
  ShellyPro2 — Shelly Pro 2 gen2 in=2 out=2 meters=0
  ShellyPro2PM — Shelly Pro 2PM gen2 in=2 out=2 meters=2
  Shelly1G3 — Shelly 1 Gen3 gen3 in=1 out=1 meters=0
  Shelly1PMG3 — Shelly 1PM Gen3 gen3 in=1 out=1 meters=1
  ShellyP1 — Shelly Pro 1 gen2 in=2 out=1 meters=0
  ShellyP1PM — Shelly Pro 1PM gen2 in=2 out=1 meters=1
  ShellyP2 — Shelly Pro 2 gen2 in=2 out=2 meters=0
  ShellyP2PM — Shelly Pro 2PM gen2 in=2 out=2 meters=2
  ShellyP3 — Shelly Pro 3 gen2 in=3 out=3 meters=0
  ShellyP4PM — Shelly Pro 4PM gen2 in=4 out=4 meters=4
  Shelly1MiniG3 — Shelly 1 Mini Gen3 gen3 in=1 out=1 meters=0
  Shelly1PMMiniG3 — Shelly 1PM Mini Gen3 gen3 in=1 out=1 meters=1
  Shelly1LG3 — Shelly 1L Gen3 gen3 in=2 out=1 meters=0
  Shelly2LG3 — Shelly 2L Gen3 gen3 in=2 out=2 meters=0
  Shelly2PMG3 — Shelly 2PM Gen3 gen3 in=2 out=2 meters=2
  ShellyEMG3 — Shelly EM Gen3 gen3 in=0 out=1 meters=2
  ShellyEMMiniG4 — Shelly EM Mini Gen4 gen4 in=0 out=0 meters=1
  Shelly1G4 — Shelly 1 Gen4 gen4 in=1 out=1 meters=0
  Shelly1PMG4 — Shelly 1PM Gen4 gen4 in=1 out=1 meters=1
  Shelly1MiniG4 — Shelly 1 Mini Gen4 gen4 in=1 out=1 meters=0
  Shelly1PMMiniG4 — Shelly 1PM Mini Gen4 gen4 in=1 out=1 meters=1
  Shelly2PMG4 — Shelly 2PM Gen4 gen4 in=2 out=2 meters=2
Tasmota Model Library:
  Tasmota
2026-05-01 15:57:27: SCSmartDevice initialized successfully with 4 devices.
2026-05-01 15:57:27: 


Testing info functionality for device: Sydney Dev A
2026-05-01 15:57:27: Device Sydney Dev A is online.
2026-05-01 15:57:27: Sydney Dev A before output change:
 Sydney Dev A (ID: 1) — online
  Model: Shelly 2PM Gen3
  Simulation: False
  Hostname: 192.168.86.30:80
  ExpectOffline: True
  Generation: 3 / Protocol: RPC
  Inputs (2):
    [0] id=1 name='Sydney Dev A I1' state=False
    [1] id=2 name='Sydney Dev A I2' state=False
  Outputs (2):
    [0] id=1 name='Sydney Dev A O1' state=False temp=54.9, Group: Living Room, Colour: Red
    [1] id=2 name='Sydney Dev A O2' state=False temp=54.9, Group: Living Room
  Meters (2):
    [0] id=1 name='Sydney Dev A M1' power=0.0W voltage=246.4V energy=102417.0Wh
    [1] id=2 name='Sydney Dev A M2' power=0.0W voltage=246.5V energy=0.0Wh
  TempProbes (1):
    [0] id=1 name='Sydney Dev A' temp=54.9°C  last_read=2026-05-01 15:57:27.699013+10:00
  MAC: 30C9224E065C  Uptime: 81312s  Temp: 54.9°C
  TotalPower: 0W  TotalEnergy: 102417.0Wh
  Supported Webhooks: 10
    - input.toggle_on
    - input.toggle_off
    - input.button_push
    - input.button_longpush
    - input.button_doublepush
    - input.button_triplepush
    - input.analog_change
    - input.analog_measurement
    - switch.off
    - switch.on
  No installed webhooks found.
2026-05-01 15:57:27: print_model_library() returns:
 Shelly Model Library:
  ShellyEM — Shelly EM gen1 in=0 out=1 meters=2
  Shelly2 — Shelly 2 gen1 in=2 out=2 meters=1
  Shelly2.5 — Shelly 2.5 gen1 in=2 out=2 meters=2
  Shelly3EM — Shelly 3 EM gen1 in=0 out=0 meters=3
  ShellyPlus1PM — Shelly Plus 1 PM gen2 in=1 out=1 meters=1
  ShellyPro1 — Shelly Pro 1 gen2 in=2 out=1 meters=0
  ShellyPro1PM — Shelly Pro 1PM gen2 in=2 out=1 meters=2
  ShellyPlus2PM — Shelly Plus 2PM gen2 in=2 out=2 meters=2
  ShellyPro2 — Shelly Pro 2 gen2 in=2 out=2 meters=0
  ShellyPro2PM — Shelly Pro 2PM gen2 in=2 out=2 meters=2
  Shelly1G3 — Shelly 1 Gen3 gen3 in=1 out=1 meters=0
  Shelly1PMG3 — Shelly 1PM Gen3 gen3 in=1 out=1 meters=1
  ShellyP1 — Shelly Pro 1 gen2 in=2 out=1 meters=0
  ShellyP1PM — Shelly Pro 1PM gen2 in=2 out=1 meters=1
  ShellyP2 — Shelly Pro 2 gen2 in=2 out=2 meters=0
  ShellyP2PM — Shelly Pro 2PM gen2 in=2 out=2 meters=2
  ShellyP3 — Shelly Pro 3 gen2 in=3 out=3 meters=0
  ShellyP4PM — Shelly Pro 4PM gen2 in=4 out=4 meters=4
  Shelly1MiniG3 — Shelly 1 Mini Gen3 gen3 in=1 out=1 meters=0
  Shelly1PMMiniG3 — Shelly 1PM Mini Gen3 gen3 in=1 out=1 meters=1
  Shelly1LG3 — Shelly 1L Gen3 gen3 in=2 out=1 meters=0
  Shelly2LG3 — Shelly 2L Gen3 gen3 in=2 out=2 meters=0
  Shelly2PMG3 — Shelly 2PM Gen3 gen3 in=2 out=2 meters=2
  ShellyEMG3 — Shelly EM Gen3 gen3 in=0 out=1 meters=2
  ShellyEMMiniG4 — Shelly EM Mini Gen4 gen4 in=0 out=0 meters=1
  Shelly1G4 — Shelly 1 Gen4 gen4 in=1 out=1 meters=0
  Shelly1PMG4 — Shelly 1PM Gen4 gen4 in=1 out=1 meters=1
  Shelly1MiniG4 — Shelly 1 Mini Gen4 gen4 in=1 out=1 meters=0
  Shelly1PMMiniG4 — Shelly 1PM Mini Gen4 gen4 in=1 out=1 meters=1
  Shelly2PMG4 — Shelly 2PM Gen4 gen4 in=2 out=2 meters=2
2026-07-09 18:05:24: SCSmartDevice initialized successfully with 1 devices.
2026-07-09 18:05:24: 


Testing webhook functionality for device: Spello Test
2026-07-09 18:05:24: Device Spello Test is online.
2026-07-09 18:05:24: Spello Test initial status:
 Spello Test (ID: 1) — online
  Model: Shelly 2PM Gen3
  Simulation: False
  Hostname: 192.168.86.36:80
  ExpectOffline: True
  Generation: 3 / Protocol: RPC
  Inputs (2):
    [0] id=1 name='Spello Test I1' state=True
    [1] id=2 name='Spello Test I2' state=False
  Outputs (2):
    [0] id=1 name='Spello Test O1' state=True temp=57.2
    [1] id=2 name='Spello Test O2' state=False temp=57.2
  Meters (2):
    [0] id=1 name='Meter 1' power=0.0W voltage=228.6V energy=0.0Wh
    [1] id=2 name='Meter 2' power=0.0W voltage=228.6V energy=0.0Wh
  TempProbes (0):
  MAC: ECC9FF4B394C  Uptime: 724s  Temp: 57.2°C
  TotalPower: 0W  TotalEnergy: 0Wh
  Supported Webhooks: 10
    - input.toggle_on
    - input.toggle_off
    - input.button_push
    - input.button_longpush
    - input.button_doublepush
    - input.button_triplepush
    - input.analog_change
    - input.analog_measurement
    - switch.off
    - switch.on
  Installed Webhooks: 5
    - Spello Test I1: input.toggle_on
    - Spello Test I1: input.toggle_off
    - Spello Test I1: input.button_push
    - Spello Test O1: switch.on
    - Spello Test O1: switch.off
2026-07-09 18:05:24: Waiting for webhook events... (Loop 1/20)
2026-07-09 18:05:26: Waiting for webhook events... (Loop 2/20)
2026-07-09 18:05:28: Waiting for webhook events... (Loop 3/20)
2026-07-09 18:05:30: Waiting for webhook events... (Loop 4/20)
2026-07-09 18:05:32: Waiting for webhook events... (Loop 5/20)
2026-07-09 18:05:32: Received webhook event: Name: input.toggle_off, Device: Spello Test, Component: Spello Test I1
2026-07-09 18:05:34: Waiting for webhook events... (Loop 6/20)
2026-07-09 18:05:36: Waiting for webhook events... (Loop 7/20)
2026-07-09 18:05:36: Received webhook event: Name: input.toggle_on, Device: Spello Test, Component: Spello Test I1
2026-07-09 18:05:38: Waiting for webhook events... (Loop 8/20)
2026-07-09 18:05:40: Waiting for webhook events... (Loop 9/20)
2026-07-09 18:05:42: Waiting for webhook events... (Loop 10/20)
2026-07-09 18:05:42: Received webhook event: Name: input.toggle_off, Device: Spello Test, Component: Spello Test I1
2026-07-09 18:05:44: Waiting for webhook events... (Loop 11/20)
2026-07-09 18:05:46: Waiting for webhook events... (Loop 12/20)
2026-07-09 18:05:46: Received webhook event: Name: input.toggle_on, Device: Spello Test, Component: Spello Test I1
2026-07-09 18:05:49: Waiting for webhook events... (Loop 13/20)
2026-07-09 18:05:51: Waiting for webhook events... (Loop 14/20)
